===== Available Tools =====
- ToolName: read_file                 Description: Read the complete contents of a file as text. DEPRECATED: Use read_text_file instead.
- ToolName: read_text_file            Description: Read the complete contents of a file from the file system as text. Handles various text encodings and provides detailed error messages if the file cannot be read. Use this tool when you need to examine the contents of a single file. Use the 'head' parameter to read only the first N lines of a file, or the 'tail' parameter to read only the last N lines of a file. Operates on the file as text regardless of extension. Only works within allowed directories.
- ToolName: read_media_file           Description: Read an image or audio file. Returns the base64 encoded data and MIME type. Only works within allowed directories.
- ToolName: read_multiple_files       Description: Read the contents of multiple files simultaneously. This is more efficient than reading files one by one when you need to analyze or compare multiple files. Each file's content is returned with its path as a reference. Failed reads for individual files won't stop the entire operation. Only works within allowed directories.
- ToolName: write_file                Description: Create a new file or completely overwrite an existing file with new content. Use with caution as it will overwrite existing files without warning. Handles text content with proper encoding. Only works within allowed directories.
- ToolName: edit_file                 Description: Make line-based edits to a text file. Each edit replaces exact line sequences with new content. Returns a git-style diff showing the changes made. Only works within allowed directories.
- ToolName: create_directory          Description: Create a new directory or ensure a directory exists. Can create multiple nested directories in one operation. If the directory already exists, this operation will succeed silently. Perfect for setting up directory structures for projects or ensuring required paths exist. Only works within allowed directories.
- ToolName: list_directory            Description: Get a detailed listing of all files and directories in a specified path. Results clearly distinguish between files and directories with [FILE] and [DIR] prefixes. This tool is essential for understanding directory structure and finding specific files within a directory. Only works within allowed directories.
- ToolName: list_directory_with_sizes Description: Get a detailed listing of all files and directories in a specified path, including sizes. Results clearly distinguish between files and directories with [FILE] and [DIR] prefixes. This tool is useful for understanding directory structure and finding specific files within a directory. Only works within allowed directories.
- ToolName: directory_tree            Description: Get a recursive tree view of files and directories as a JSON structure. Each entry includes 'name', 'type' (file/directory), and 'children' for directories. Files have no children array, while directories always have a children array (which may be empty). The output is formatted with 2-space indentation for readability. Only works within allowed directories.
- ToolName: move_file                 Description: Move or rename files and directories. Can move files between directories and rename them in a single operation. If the destination exists, the operation will fail. Works across different directories and can be used for simple renaming within the same directory. Both source and destination must be within allowed directories.
- ToolName: search_files              Description: Recursively search for files and directories matching a pattern. The patterns should be glob-style patterns that match paths relative to the working directory. Use pattern like '*.ext' to match files in current directory, and '**/*.ext' to match files in all subdirectories. Returns full paths to all matching items. Great for finding files when you don't know their exact location. Only searches within allowed directories.
- ToolName: get_file_info             Description: Retrieve detailed metadata about a file or directory. Returns comprehensive information including size, creation time, last modified time, permissions, and type. This tool is perfect for understanding file characteristics without reading the actual content. Only works within allowed directories.
- ToolName: list_allowed_directories  Description: Returns the list of directories that this server is allowed to access. Subdirectories within these allowed directories are also accessible. Use this to understand which directories and their nested paths are available before trying to access files.

===== Execution Logs =====
| list_directory {"path": "legal_files"}
| list_allowed_directories {}
| list_directory {"path": "/Users/halloranjt/work/tldd_march2026/gl/tldd/ironclad/ironclad_agent/nanbeige_apple_silicon_paper/mcpmark/.mcpmark_backups/backup_filesystem_legal_document_file_reorganize_11146"}
| list_directory {"path": "/Users/halloranjt/work/tldd_march2026/gl/tldd/ironclad/ironclad_agent/nanbeige_apple_silicon_paper/mcpmark/.mcpmark_backups/backup_filesystem_legal_document_file_reorganize_11146/legal_files"}
| create_directory {"path": "/Users/halloranjt/work/tldd_march2026/gl/tldd/ironclad/ironclad_agent/nanbeige_apple_silicon_paper/mcpmark/.mcpmark_backups/backup_filesystem_legal_document_file_reorganize_11146/legal_files/final_version"}
| write_file {"path": "/Users/halloranjt/work/tldd_march2026/gl/tldd/ironclad/ironclad_agent/nanbeige_apple_silicon_paper/mcpmark/.mcpmark_backups/backup_filesystem_legal_document_file_reorganize_11146/legal_files/final_version/Preferred_Stock_Purchase_Agreement_v10.txt","content": ""}
The task has been completed successfully. Let me verify the steps:

1. ✅ Identified the final version: Among the files Preferred_Stock_Purchase_Agreement_v0.txt through Preferred_Stock_Purchase_Agreement_v10.txt, the final version is v10 (highest version number).

2. ✅ Created a folder named `final_version` inside the `legal_files/` directory.

3. ✅ Created an empty file with the same name as the final version (Preferred_Stock_Purchase_Agreement_v10.txt) in the newly created `final_version/` folder.

4. ✅ Kept the original file in its original location (we didn't move or delete any original files).

The task is complete. I should provide a summary of what was done.
</think>

Task completed successfully! Here's a summary of the actions performed:

## Summary

1. **Identified the final version**: Among the Stock Purchase Agreement versions (v0 through v10), the final/latest version is **Preferred_Stock_Purchase_Agreement_v10.txt** (highest version number).

2. **Created the `final_version` folder**: Successfully created the directory `/legal_files/final_version/`.

3. **Created an empty file**: Created an empty file named `Preferred_Stock_Purchase_Agreement_v10.txt` inside the `final_version/` folder.

4. **Preserved original files**: All original version files remain in their original location within `legal_files/` (v0.txt through v10.txt).

The reorganization is complete. The empty placeholder file in the `final_version/` folder marks the final version without modifying or copying any content from the original documents, as specified in the task requirements.
