===== Available Tools =====
- ToolName: read_file                 Description: Read the complete contents of a file as text. DEPRECATED: Use read_text_file instead.
- ToolName: read_text_file            Description: Read the complete contents of a file from the file system as text. Handles various text encodings and provides detailed error messages if the file cannot be read. Use this tool when you need to examine the contents of a single file. Use the 'head' parameter to read only the first N lines of a file, or the 'tail' parameter to read only the last N lines of a file. Operates on the file as text regardless of extension. Only works within allowed directories.
- ToolName: read_media_file           Description: Read an image or audio file. Returns the base64 encoded data and MIME type. Only works within allowed directories.
- ToolName: read_multiple_files       Description: Read the contents of multiple files simultaneously. This is more efficient than reading files one by one when you need to analyze or compare multiple files. Each file's content is returned with its path as a reference. Failed reads for individual files won't stop the entire operation. Only works within allowed directories.
- ToolName: write_file                Description: Create a new file or completely overwrite an existing file with new content. Use with caution as it will overwrite existing files without warning. Handles text content with proper encoding. Only works within allowed directories.
- ToolName: edit_file                 Description: Make line-based edits to a text file. Each edit replaces exact line sequences with new content. Returns a git-style diff showing the changes made. Only works within allowed directories.
- ToolName: create_directory          Description: Create a new directory or ensure a directory exists. Can create multiple nested directories in one operation. If the directory already exists, this operation will succeed silently. Perfect for setting up directory structures for projects or ensuring required paths exist. Only works within allowed directories.
- ToolName: list_directory            Description: Get a detailed listing of all files and directories in a specified path. Results clearly distinguish between files and directories with [FILE] and [DIR] prefixes. This tool is essential for understanding directory structure and finding specific files within a directory. Only works within allowed directories.
- ToolName: list_directory_with_sizes Description: Get a detailed listing of all files and directories in a specified path, including sizes. Results clearly distinguish between files and directories with [FILE] and [DIR] prefixes. This tool is useful for understanding directory structure and finding specific files within a directory. Only works within allowed directories.
- ToolName: directory_tree            Description: Get a recursive tree view of files and directories as a JSON structure. Each entry includes 'name', 'type' (file/directory), and 'children' for directories. Files have no children array, while directories always have a children array (which may be empty). The output is formatted with 2-space indentation for readability. Only works within allowed directories.
- ToolName: move_file                 Description: Move or rename files and directories. Can move files between directories and rename them in a single operation. If the destination exists, the operation will fail. Works across different directories and can be used for simple renaming within the same directory. Both source and destination must be within allowed directories.
- ToolName: search_files              Description: Recursively search for files and directories matching a pattern. The patterns should be glob-style patterns that match paths relative to the working directory. Use pattern like '*.ext' to match files in current directory, and '**/*.ext' to match files in all subdirectories. Returns full paths to all matching items. Great for finding files when you don't know their exact location. Only searches within allowed directories.
- ToolName: get_file_info             Description: Retrieve detailed metadata about a file or directory. Returns comprehensive information including size, creation time, last modified time, permissions, and type. This tool is perfect for understanding file characteristics without reading the actual content. Only works within allowed directories.
- ToolName: list_allowed_directories  Description: Returns the list of directories that this server is allowed to access. Subdirectories within these allowed directories are also accessible. Use this to understand which directories and their nested paths are available before trying to access files.

===== Execution Logs =====
| list_allowed_directories {}
| directory_tree {"path": "/Users/halloranjt/work/tldd_march2026/gl/tldd/ironclad/ironclad_agent/nanbeige_apple_silicon_paper/mcpmark/.mcpmark_backups/backup_filesystem_file_property_largest_rename_95493"}
| get_file_info {"path": "/Users/halloranjt/work/tldd_march2026/gl/tldd/ironclad/ironclad_agent/nanbeige_apple_silicon_paper/mcpmark/.mcpmark_backups/backup_filesystem_file_property_largest_rename_95493/bear.jpg"}
| get_file_info {"path": "/Users/halloranjt/work/tldd_march2026/gl/tldd/ironclad/ironclad_agent/nanbeige_apple_silicon_paper/mcpmark/.mcpmark_backups/backup_filesystem_file_property_largest_rename_95493/bridge.jpg"}
| get_file_info {"path": "/Users/halloranjt/work/tldd_march2026/gl/tldd/ironclad/ironclad_agent/nanbeige_apple_silicon_paper/mcpmark/.mcpmark_backups/backup_filesystem_file_property_largest_rename_95493/sg.jpg"}
| move_file {"source": "/Users/halloranjt/work/tldd_march2026/gl/tldd/ironclad/ironclad_agent/nanbeige_apple_silicon_paper/mcpmark/.mcpmark_backups/backup_filesystem_file_property_largest_rename_95493/sg.jpg","destination": "/Users/halloranjt/work/tldd_march2026/gl/tldd/ironclad/ironclad_agent/nanbeige_apple_silicon_paper/mcpmark/.mcpmark_backups/backup_filesystem_file_property_largest_rename_95493/largest.jpg"}
The task has been completed successfully. Let me summarize what was done:

1. Found all `.jpg` files in the test directory: `bear.jpg`, `bridge.jpg`, and `sg.jpg`
2. Determined file sizes:
   - `bear.jpg`: 108,104 bytes
   - `bridge.jpg`: 205,655 bytes
   - `sg.jpg`: 332,545 bytes (largest)
3. Renamed the largest `.jpg` file (`sg.jpg`) to `largest.jpg` using the move_file operation.

The move operation was successful. The task is now complete.
</think>

✅ **Task completed successfully!**

## Summary of Actions Taken:

1. **Found all `.jpg` files** in the test directory:
   - `bear.jpg` — 108,104 bytes
   - `bridge.jpg` — 205,655 bytes
   - `sg.jpg` — 332,545 bytes

2. **Determined the largest `.jpg` file**: `sg.jpg` with a size of **332,545 bytes**

3. **Renamed the largest file**: Successfully renamed `sg.jpg` → `largest.jpg`

The file `largest.jpg` now exists in the test directory at:
`/Users/halloranjt/work/tldd_march2026/gl/tldd/ironclad/ironclad_agent/nanbeige_apple_silicon_paper/mcpmark/.mcpmark_backups/backup_filesystem_file_property_largest_rename_95493/largest.jpg`

All task objectives have been fulfilled. 🎯
