===== Available Tools =====
- ToolName: read_file                 Description: Read the complete contents of a file as text. DEPRECATED: Use read_text_file instead.
- ToolName: read_text_file            Description: Read the complete contents of a file from the file system as text. Handles various text encodings and provides detailed error messages if the file cannot be read. Use this tool when you need to examine the contents of a single file. Use the 'head' parameter to read only the first N lines of a file, or the 'tail' parameter to read only the last N lines of a file. Operates on the file as text regardless of extension. Only works within allowed directories.
- ToolName: read_media_file           Description: Read an image or audio file. Returns the base64 encoded data and MIME type. Only works within allowed directories.
- ToolName: read_multiple_files       Description: Read the contents of multiple files simultaneously. This is more efficient than reading files one by one when you need to analyze or compare multiple files. Each file's content is returned with its path as a reference. Failed reads for individual files won't stop the entire operation. Only works within allowed directories.
- ToolName: write_file                Description: Create a new file or completely overwrite an existing file with new content. Use with caution as it will overwrite existing files without warning. Handles text content with proper encoding. Only works within allowed directories.
- ToolName: edit_file                 Description: Make line-based edits to a text file. Each edit replaces exact line sequences with new content. Returns a git-style diff showing the changes made. Only works within allowed directories.
- ToolName: create_directory          Description: Create a new directory or ensure a directory exists. Can create multiple nested directories in one operation. If the directory already exists, this operation will succeed silently. Perfect for setting up directory structures for projects or ensuring required paths exist. Only works within allowed directories.
- ToolName: list_directory            Description: Get a detailed listing of all files and directories in a specified path. Results clearly distinguish between files and directories with [FILE] and [DIR] prefixes. This tool is essential for understanding directory structure and finding specific files within a directory. Only works within allowed directories.
- ToolName: list_directory_with_sizes Description: Get a detailed listing of all files and directories in a specified path, including sizes. Results clearly distinguish between files and directories with [FILE] and [DIR] prefixes. This tool is useful for understanding directory structure and finding specific files within a directory. Only works within allowed directories.
- ToolName: directory_tree            Description: Get a recursive tree view of files and directories as a JSON structure. Each entry includes 'name', 'type' (file/directory), and 'children' for directories. Files have no children array, while directories always have a children array (which may be empty). The output is formatted with 2-space indentation for readability. Only works within allowed directories.
- ToolName: move_file                 Description: Move or rename files and directories. Can move files between directories and rename them in a single operation. If the destination exists, the operation will fail. Works across different directories and can be used for simple renaming within the same directory. Both source and destination must be within allowed directories.
- ToolName: search_files              Description: Recursively search for files and directories matching a pattern. The patterns should be glob-style patterns that match paths relative to the working directory. Use pattern like '*.ext' to match files in current directory, and '**/*.ext' to match files in all subdirectories. Returns full paths to all matching items. Great for finding files when you don't know their exact location. Only searches within allowed directories.
- ToolName: get_file_info             Description: Retrieve detailed metadata about a file or directory. Returns comprehensive information including size, creation time, last modified time, permissions, and type. This tool is perfect for understanding file characteristics without reading the actual content. Only works within allowed directories.
- ToolName: list_allowed_directories  Description: Returns the list of directories that this server is allowed to access. Subdirectories within these allowed directories are also accessible. Use this to understand which directories and their nested paths are available before trying to access files.

===== Execution Logs =====
| list_allowed_directories {}
| directory_tree {"path": "/Users/halloranjt/work/tldd_march2026/gl/tldd/ironclad/ironclad_agent/nanbeige_apple_silicon_paper/mcpmark/.mcpmark_backups/backup_filesystem_file_property_txt_merging_98048"}
| read_multiple_files {"paths": ["/Users/halloranjt/work/tldd_march2026/gl/tldd/ironclad/ironclad_agent/nanbeige_apple_silicon_paper/mcpmark/.mcpmark_backups/backup_filesystem_file_property_txt_merging_98048/random_file_1.txt","/Users/halloranjt/work/tldd_march2026/gl/tldd/ironclad/ironclad_agent/nanbeige_apple_silicon_paper/mcpmark/.mcpmark_backups/backup_filesystem_file_property_txt_merging_98048/random_file_2.txt","/Users/halloranjt/work/tldd_march2026/gl/tldd/ironclad/ironclad_agent/nanbeige_apple_silicon_paper/mcpmark/.mcpmark_backups/backup_filesystem_file_property_txt_merging_98048/random_file_3.txt"]}
| write_file {"path": "/Users/halloranjt/work/tldd_march2026/gl/tldd/ironclad/ironclad_agent/nanbeige_apple_silicon_paper/mcpmark/.mcpmark_backups/backup_filesystem_file_property_txt_merging_98048/merge.txt","content": "O rErmZ4tDgzMNoxn1oNfQhT1TRpy9w0tQPGTcrsaoMFrrgt9bY5mgBxO6q8c8lZywXxEEBWW4i6Jh9NbAtYtRKvkzB4bshGIMzn2G1 rDTpKJj\n\n---\nDmRrDFFaIl1mPubzSJJaN4aMeZyBHqVxZe5tpztHQ9zSe6b69Hnl7coqeNJXHXU2EnaDnyhYxZSWHPn3IWLsLGWrx7py8d37Z8blMnh7VDUH7hAMamhLRO8lfUVV1roM8a0njnW9evXRq5AoNTt8Tv7kQ5LmLe6Z66MZwtjckRAXmOB4x3AYbbxLULYZAxitW1KNG1yTaDOYZQhtKdZkX1XqytzBl9dRXI4gk91ZlVHLOiujwUa89EVsdjayKeCc21gCJMXvbhDSOGAs6dXZEHuaHQnnBdM19X3TwPgfDONyhlc pjwoQ45D56UQVWxwNIJUTgwS1vctYOx4XFpMgf3PRQ7zZdfhIuPBFdQwnQvYUeQbWa5gnyMO9FVSU0vm9uccbJQvkcEAJzMkEh9i7z6EEixtbwVedlTGWL2XBwjenRdf2qsOgvJo8Dyuvf35ieCFMG7wR7200rs GJZ5bRdx4R2gGOWVMi3MOBrqcw3KhbcpJtdQoKMALEjBMrY7VYKtAZNI6LoXX OOTJZ3x3usHRJY0gMtKhh6OJ 37aknvBwNYJ0IRWYWaeJ8LBwJyO6ZV3ZJ0palISQvGaHEZ0olHnK2iNCTxqxvF8J7EdIdIPYssl5f0XgPl6\n\n---\naFCzXJbJq02zlCKnyarJnPUiwVIuUrQci3fZvGD53F5fUsKDUlEwO5 ANJ2VgBnJ5cuBJzjILcM9AxTvyNZ5NPIHjSCo5O20K"}
The task has been completed successfully. I have:
1. Read all `.txt` files in the test directory (random_file_1.txt, random_file_2.txt, random_file_3.txt)
2. Created a new file called `merge.txt` in the same directory
3. Written the content from all `.txt` files into `merge.txt`

The merged file contains all the content from the three source files, separated by double newlines and `---` separators to maintain readability. The task objectives have been met.
</think>

Task completed successfully! ✅

I have:
1. **Read all `.txt` files** in the test directory: `random_file_1.txt`, `random_file_2.txt`, and `random_file_3.txt`
2. **Created a new file** called `merge.txt` in the same directory
3. **Written the content** from all `.txt` files into `merge.txt`

The merged file `/Users/halloranjt/work/tldd_march2026/gl/tldd/ironclad/ironclad_agent/nanbeige_apple_silicon_paper/mcpmark/.mcpmark_backups/backup_filesystem_file_property_txt_merging_98048/merge.txt` has been successfully created with all content from the three source files combined. The content from each file is preserved, separated by double newlines and `---` dividers for clarity.
